../Core/Src/spi_slave.c:48:13:LED_SetState	24	static
../Core/Src/spi_slave.c:62:13:LED_SetAll	24	static
../Core/Src/spi_slave.c:72:13:ProcessCommand	72	static
../Core/Src/spi_slave.c:117:6:SPI_Slave_Init	8	static
../Core/Src/spi_slave.c:131:6:HAL_SPI_TxRxCpltCallback	48	static
../Core/Src/spi_slave.c:153:6:HAL_SPI_ErrorCallback	16	static
../Core/Src/spi_slave.c:168:6:SPI_Slave_Poll	48	static
../Core/Src/spi_slave.c:191:6:SPI_Slave_SetLED	16	static
../Core/Src/spi_slave.c:195:9:SPI_Slave_GetLED	16	static
